<?xml version="1.0" encoding="utf-8"?>
<TestRun id="2e288b46-ab29-41b1-a808-b837ea600e5d" name="mranu@LAPTOP-QIVJ8REM 2021-09-23 17:58:06" runUser="LAPTOP-QIVJ8REM\mranu" xmlns="http://microsoft.com/schemas/VisualStudio/TeamTest/2010">
  <Times creation="2021-09-23T17:58:06.0190257+05:30" queuing="2021-09-23T17:58:06.0190270+05:30" start="2021-09-23T17:58:04.5422132+05:30" finish="2021-09-23T17:58:06.1514710+05:30" />
  <TestSettings name="default" id="58ceff04-0c11-445b-9ae1-da02b40ff82e">
    <Deployment runDeploymentRoot="mranu_LAPTOP-QIVJ8REM_2021-09-23_17_58_06" />
  </TestSettings>
  <Results>
    <UnitTestResult executionId="4a1d10d2-d713-4901-9c4a-2b60fa145a25" testId="8a4101e1-6acd-0f44-5a93-9d9da3702dd0" testName="Demo_xUnit_App.CreditCardInterestCalcuatorTests.Calculate_Wallet_And_CardHolder_Interest(cardHolder: CreditCardHolder { TotalInterest = 0, Wallets = [Wallet { ... }] }, walletInterest: 2388.8500000000004, cardHolderInterest: 2388.8500000000004)" computerName="LAPTOP-QIVJ8REM" duration="00:00:00.0000904" startTime="2021-09-23T17:58:06.0362784+05:30" endTime="2021-09-23T17:58:06.0362787+05:30" testType="13cdc9d9-ddb5-4fa4-a97d-d965ccfc6d4b" outcome="Passed" testListId="8c84fa94-04c1-424b-9868-57a2d4851a1d" relativeResultsDirectory="4a1d10d2-d713-4901-9c4a-2b60fa145a25" />
    <UnitTestResult executionId="7976808a-8c38-4600-8c0b-6e28e6acd3db" testId="46c1fa15-b765-2d03-b1b0-c2bf0109ccea" testName="Demo_xUnit_App.InterestRateProviderTests.GetInterestRateTest" computerName="LAPTOP-QIVJ8REM" duration="00:00:00.0061638" startTime="2021-09-23T17:58:05.9079557+05:30" endTime="2021-09-23T17:58:05.9080288+05:30" testType="13cdc9d9-ddb5-4fa4-a97d-d965ccfc6d4b" outcome="Passed" testListId="8c84fa94-04c1-424b-9868-57a2d4851a1d" relativeResultsDirectory="7976808a-8c38-4600-8c0b-6e28e6acd3db" />
    <UnitTestResult executionId="eaba289c-faa0-49fa-a818-9521198a0cd0" testId="8c182d34-34a3-e3d5-b29b-3696e5936f89" testName="Demo_xUnit_App.InterestCalculatorTests.CalculateInteestForDifferentTenureAndAmount(expected: 2400, amount: 10000, years: 4)" computerName="LAPTOP-QIVJ8REM" duration="00:00:00.0000362" startTime="2021-09-23T17:58:05.9139156+05:30" endTime="2021-09-23T17:58:05.9139163+05:30" testType="13cdc9d9-ddb5-4fa4-a97d-d965ccfc6d4b" outcome="Passed" testListId="8c84fa94-04c1-424b-9868-57a2d4851a1d" relativeResultsDirectory="eaba289c-faa0-49fa-a818-9521198a0cd0" />
    <UnitTestResult executionId="a6b7dc53-4ab8-4506-92d5-d5ba9e81468e" testId="8a4101e1-6acd-0f44-5a93-9d9da3702dd0" testName="Demo_xUnit_App.CreditCardInterestCalcuatorTests.Calculate_Wallet_And_CardHolder_Interest(cardHolder: CreditCardHolder { TotalInterest = 0, Wallets = [Wallet { ... }] }, walletInterest: 15, cardHolderInterest: 15)" computerName="LAPTOP-QIVJ8REM" duration="00:00:00.0007395" startTime="2021-09-23T17:58:06.0272413+05:30" endTime="2021-09-23T17:58:06.0272436+05:30" testType="13cdc9d9-ddb5-4fa4-a97d-d965ccfc6d4b" outcome="Passed" testListId="8c84fa94-04c1-424b-9868-57a2d4851a1d" relativeResultsDirectory="a6b7dc53-4ab8-4506-92d5-d5ba9e81468e" />
    <UnitTestResult executionId="80686a65-1942-4957-884b-45c754364eb6" testId="6e86d467-d59d-57d1-e26b-cf3d7519a62b" testName="Demo_xUnit_App.BadCodingExaplesTests.GetGuidTest" computerName="LAPTOP-QIVJ8REM" duration="00:00:00.0008581" startTime="2021-09-23T17:58:05.9567019+05:30" endTime="2021-09-23T17:58:05.9567020+05:30" testType="13cdc9d9-ddb5-4fa4-a97d-d965ccfc6d4b" outcome="Passed" testListId="8c84fa94-04c1-424b-9868-57a2d4851a1d" relativeResultsDirectory="80686a65-1942-4957-884b-45c754364eb6" />
    <UnitTestResult executionId="ff8bd09b-9601-4721-b494-82846880dc3d" testId="b7637836-98af-4a6c-6d21-470f6d04a5ef" testName="Demo_xUnit_App.InterestCalculatorTests.CalculateInteestForDifferentTenureAndAmount(expected: 0, amount: 0, years: 0)" computerName="LAPTOP-QIVJ8REM" duration="00:00:00.0000082" startTime="2021-09-23T17:58:05.9139751+05:30" endTime="2021-09-23T17:58:05.9139754+05:30" testType="13cdc9d9-ddb5-4fa4-a97d-d965ccfc6d4b" outcome="Passed" testListId="8c84fa94-04c1-424b-9868-57a2d4851a1d" relativeResultsDirectory="ff8bd09b-9601-4721-b494-82846880dc3d" />
    <UnitTestResult executionId="9eed414f-4af7-406a-813c-506047f0c113" testId="f8d7f379-9766-297e-08ac-861e2fd5f258" testName="Demo_xUnit_App.InterestCalculatorTests.CalculateInteestForDifferentTenureAndAmount(expected: 36000, amount: 200000, years: 3)" computerName="LAPTOP-QIVJ8REM" duration="00:00:00.0046011" startTime="2021-09-23T17:58:05.9125856+05:30" endTime="2021-09-23T17:58:05.9125864+05:30" testType="13cdc9d9-ddb5-4fa4-a97d-d965ccfc6d4b" outcome="Passed" testListId="8c84fa94-04c1-424b-9868-57a2d4851a1d" relativeResultsDirectory="9eed414f-4af7-406a-813c-506047f0c113" />
    <UnitTestResult executionId="7c2235aa-9a75-4112-a549-5df90aa857d6" testId="c38b7cd8-a491-8463-6a59-a42452a81f1a" testName="Demo_xUnit_App.InterestCalculatorTests.CalculateInteestForDifferentTenureAndAmount(expected: 0, amount: 0, years: 4)" computerName="LAPTOP-QIVJ8REM" duration="00:00:00.0000077" startTime="2021-09-23T17:58:05.9563627+05:30" endTime="2021-09-23T17:58:05.9563634+05:30" testType="13cdc9d9-ddb5-4fa4-a97d-d965ccfc6d4b" outcome="Passed" testListId="8c84fa94-04c1-424b-9868-57a2d4851a1d" relativeResultsDirectory="7c2235aa-9a75-4112-a549-5df90aa857d6" />
    <UnitTestResult executionId="afe633b4-977f-42a7-a388-2f0f679d23ac" testId="b2f9365d-886a-4a7a-050e-2ba5825d9ec9" testName="Demo_xUnit_App.BadCodingExaplesTests.GetInterestTest" computerName="LAPTOP-QIVJ8REM" duration="00:00:00.0041298" startTime="2021-09-23T17:58:05.9126481+05:30" endTime="2021-09-23T17:58:05.9126483+05:30" testType="13cdc9d9-ddb5-4fa4-a97d-d965ccfc6d4b" outcome="Passed" testListId="8c84fa94-04c1-424b-9868-57a2d4851a1d" relativeResultsDirectory="afe633b4-977f-42a7-a388-2f0f679d23ac" />
    <UnitTestResult executionId="30d45886-4e7e-44d8-8c62-df6c2677790e" testId="8a4101e1-6acd-0f44-5a93-9d9da3702dd0" testName="Demo_xUnit_App.CreditCardInterestCalcuatorTests.Calculate_Wallet_And_CardHolder_Interest(cardHolder: CreditCardHolder { TotalInterest = 0, Wallets = [Wallet { ... }] }, walletInterest: 30, cardHolderInterest: 30)" computerName="LAPTOP-QIVJ8REM" duration="00:00:00.0001415" startTime="2021-09-23T17:58:06.0274053+05:30" endTime="2021-09-23T17:58:06.0274058+05:30" testType="13cdc9d9-ddb5-4fa4-a97d-d965ccfc6d4b" outcome="Passed" testListId="8c84fa94-04c1-424b-9868-57a2d4851a1d" relativeResultsDirectory="30d45886-4e7e-44d8-8c62-df6c2677790e" />
    <UnitTestResult executionId="3800650e-701b-447c-b91a-e475ed6a34d5" testId="cb9fc388-915d-f8f9-38ae-0a2499f45b8c" testName="Demo_xUnit_App.InterestCalculatorTests.CalculateInteestForDifferentTenureAndAmount(expected: 12000, amount: 100000, years: 2)" computerName="LAPTOP-QIVJ8REM" duration="00:00:00.0000058" startTime="2021-09-23T17:58:05.9140348+05:30" endTime="2021-09-23T17:58:05.9140365+05:30" testType="13cdc9d9-ddb5-4fa4-a97d-d965ccfc6d4b" outcome="Passed" testListId="8c84fa94-04c1-424b-9868-57a2d4851a1d" relativeResultsDirectory="3800650e-701b-447c-b91a-e475ed6a34d5" />
    <UnitTestResult executionId="9986e905-1ee3-46f5-98c8-48a660fde8ee" testId="becb402d-6f07-feec-da97-2c1d186b298b" testName="Demo_xUnit_App.InterestCalculatorTests.CalculateInteestFor1Year" computerName="LAPTOP-QIVJ8REM" duration="00:00:00.0001756" startTime="2021-09-23T17:58:05.9566532+05:30" endTime="2021-09-23T17:58:05.9566533+05:30" testType="13cdc9d9-ddb5-4fa4-a97d-d965ccfc6d4b" outcome="Passed" testListId="8c84fa94-04c1-424b-9868-57a2d4851a1d" relativeResultsDirectory="9986e905-1ee3-46f5-98c8-48a660fde8ee" />
    <UnitTestResult executionId="02ee0fd6-150d-4229-ac20-0c802882b0ae" testId="8a4101e1-6acd-0f44-5a93-9d9da3702dd0" testName="Demo_xUnit_App.CreditCardInterestCalcuatorTests.Calculate_Wallet_And_CardHolder_Interest(cardHolder: CreditCardHolder { TotalInterest = 0, Wallets = [Wallet { ... }] }, walletInterest: 105.5545, cardHolderInterest: 105.5545)" computerName="LAPTOP-QIVJ8REM" duration="00:00:00.0001000" startTime="2021-09-23T17:58:06.0362057+05:30" endTime="2021-09-23T17:58:06.0362072+05:30" testType="13cdc9d9-ddb5-4fa4-a97d-d965ccfc6d4b" outcome="Passed" testListId="8c84fa94-04c1-424b-9868-57a2d4851a1d" relativeResultsDirectory="02ee0fd6-150d-4229-ac20-0c802882b0ae" />
    <UnitTestResult executionId="1889be79-e8d1-4b53-9523-ee0ddb6d30ee" testId="397acd57-13bb-b1dc-8c6a-8f4b9af67c8d" testName="Demo_xUnit_App.InterestCalculatorTestUsingMoq.TestIfCurrencyConverterReturnsZero" computerName="LAPTOP-QIVJ8REM" duration="00:00:00.1238125" startTime="2021-09-23T17:58:06.0194363+05:30" endTime="2021-09-23T17:58:06.0194372+05:30" testType="13cdc9d9-ddb5-4fa4-a97d-d965ccfc6d4b" outcome="Passed" testListId="8c84fa94-04c1-424b-9868-57a2d4851a1d" relativeResultsDirectory="1889be79-e8d1-4b53-9523-ee0ddb6d30ee" />
    <UnitTestResult executionId="c8d330e3-857b-40a1-a4c1-d1a43fb20bcc" testId="93eb686f-3e96-e873-05a6-3d8ac3ddf0e5" testName="Demo_xUnit_App.CreditCardInterestCalcuatorTests.Calculate_Interest_For_Wallet" computerName="LAPTOP-QIVJ8REM" duration="00:00:00.1203833" startTime="2021-09-23T17:58:06.0160820+05:30" endTime="2021-09-23T17:58:06.0160853+05:30" testType="13cdc9d9-ddb5-4fa4-a97d-d965ccfc6d4b" outcome="Passed" testListId="8c84fa94-04c1-424b-9868-57a2d4851a1d" relativeResultsDirectory="c8d330e3-857b-40a1-a4c1-d1a43fb20bcc" />
    <UnitTestResult executionId="304ad143-d521-496f-8fc2-148499b11ab2" testId="b2341b8c-83ff-d0eb-b3d7-01abfcbe10c5" testName="Demo_xUnit_App.CreditCardInterestCalcuatorTests.Calculate_Interest_For_Card" computerName="LAPTOP-QIVJ8REM" duration="00:00:00.0074938" startTime="2021-09-23T17:58:06.0363572+05:30" endTime="2021-09-23T17:58:06.0363576+05:30" testType="13cdc9d9-ddb5-4fa4-a97d-d965ccfc6d4b" outcome="Passed" testListId="8c84fa94-04c1-424b-9868-57a2d4851a1d" relativeResultsDirectory="304ad143-d521-496f-8fc2-148499b11ab2" />
    <UnitTestResult executionId="1b4b0ccb-82f4-40c5-b146-c466c8fc85fa" testId="7ea2d1a0-99ec-17a0-fad1-2403c801339e" testName="Demo_xUnit_App.InterestCalculatorTestFluentAssertions.CalculateInteestFor1Year" computerName="LAPTOP-QIVJ8REM" duration="00:00:00.0040732" startTime="2021-09-23T17:58:05.9126588+05:30" endTime="2021-09-23T17:58:05.9126589+05:30" testType="13cdc9d9-ddb5-4fa4-a97d-d965ccfc6d4b" outcome="Passed" testListId="8c84fa94-04c1-424b-9868-57a2d4851a1d" relativeResultsDirectory="1b4b0ccb-82f4-40c5-b146-c466c8fc85fa" />
    <UnitTestResult executionId="56d18dad-915b-4e14-be19-c87f1429c82a" testId="3b13d860-e13b-bc2d-0024-39ca749ce2f6" testName="Demo_xUnit_App.BadCodingExaplesTests.GetIPAddressTest" computerName="LAPTOP-QIVJ8REM" duration="00:00:00.0008295" startTime="2021-09-23T17:58:05.9567426+05:30" endTime="2021-09-23T17:58:05.9567428+05:30" testType="13cdc9d9-ddb5-4fa4-a97d-d965ccfc6d4b" outcome="Passed" testListId="8c84fa94-04c1-424b-9868-57a2d4851a1d" relativeResultsDirectory="56d18dad-915b-4e14-be19-c87f1429c82a" />
    <UnitTestResult executionId="a0a795a1-725f-4ca4-973e-1ac7e022fdfe" testId="09244a7a-76b4-0135-5d3d-9dd3b880ac51" testName="Demo_xUnit_App.InterestCalculatorTests.CalculateInteestForDifferentTenureAndAmount(expected: 3000, amount: 50000, years: 1)" computerName="LAPTOP-QIVJ8REM" duration="00:00:00.0000059" startTime="2021-09-23T17:58:05.9565970+05:30" endTime="2021-09-23T17:58:05.9565974+05:30" testType="13cdc9d9-ddb5-4fa4-a97d-d965ccfc6d4b" outcome="Passed" testListId="8c84fa94-04c1-424b-9868-57a2d4851a1d" relativeResultsDirectory="a0a795a1-725f-4ca4-973e-1ac7e022fdfe" />
    <UnitTestResult executionId="4412398d-d051-4d8a-be15-651e81d48cfe" testId="33b7df87-46b2-fb3f-c03e-ff49d1a6b723" testName="Demo_xUnit_App.InterestCalculatorTests.CalculateInteestFor2Year" computerName="LAPTOP-QIVJ8REM" duration="00:00:00.0001363" startTime="2021-09-23T17:58:05.9566850+05:30" endTime="2021-09-23T17:58:05.9566851+05:30" testType="13cdc9d9-ddb5-4fa4-a97d-d965ccfc6d4b" outcome="Passed" testListId="8c84fa94-04c1-424b-9868-57a2d4851a1d" relativeResultsDirectory="4412398d-d051-4d8a-be15-651e81d48cfe" />
  </Results>
  <TestDefinitions>
    <UnitTest name="Demo_xUnit_App.InterestCalculatorTests.CalculateInteestForDifferentTenureAndAmount(expected: 0, amount: 0, years: 4)" storage="c:\users\mranu\source\repos\unit-testing-demo\src\demo xunit app\bin\debug\net5.0\demo xunit app.dll" id="c38b7cd8-a491-8463-6a59-a42452a81f1a">
      <Execution id="7c2235aa-9a75-4112-a549-5df90aa857d6" />
      <TestMethod codeBase="C:\Users\mranu\source\repos\unit-testing-demo\src\Demo xUnit App\bin\Debug\net5.0\Demo xUnit App.dll" adapterTypeName="executor://xunit/VsTestRunner2/netcoreapp" className="Demo_xUnit_App.InterestCalculatorTests" name="CalculateInteestForDifferentTenureAndAmount" />
    </UnitTest>
    <UnitTest name="Demo_xUnit_App.BadCodingExaplesTests.GetGuidTest" storage="c:\users\mranu\source\repos\unit-testing-demo\src\demo xunit app\bin\debug\net5.0\demo xunit app.dll" id="6e86d467-d59d-57d1-e26b-cf3d7519a62b">
      <Execution id="80686a65-1942-4957-884b-45c754364eb6" />
      <TestMethod codeBase="C:\Users\mranu\source\repos\unit-testing-demo\src\Demo xUnit App\bin\Debug\net5.0\Demo xUnit App.dll" adapterTypeName="executor://xunit/VsTestRunner2/netcoreapp" className="Demo_xUnit_App.BadCodingExaplesTests" name="GetGuidTest" />
    </UnitTest>
    <UnitTest name="Demo_xUnit_App.InterestCalculatorTests.CalculateInteestForDifferentTenureAndAmount(expected: 3000, amount: 50000, years: 1)" storage="c:\users\mranu\source\repos\unit-testing-demo\src\demo xunit app\bin\debug\net5.0\demo xunit app.dll" id="09244a7a-76b4-0135-5d3d-9dd3b880ac51">
      <Execution id="a0a795a1-725f-4ca4-973e-1ac7e022fdfe" />
      <TestMethod codeBase="C:\Users\mranu\source\repos\unit-testing-demo\src\Demo xUnit App\bin\Debug\net5.0\Demo xUnit App.dll" adapterTypeName="executor://xunit/VsTestRunner2/netcoreapp" className="Demo_xUnit_App.InterestCalculatorTests" name="CalculateInteestForDifferentTenureAndAmount" />
    </UnitTest>
    <UnitTest name="Demo_xUnit_App.BadCodingExaplesTests.GetInterestTest" storage="c:\users\mranu\source\repos\unit-testing-demo\src\demo xunit app\bin\debug\net5.0\demo xunit app.dll" id="b2f9365d-886a-4a7a-050e-2ba5825d9ec9">
      <Execution id="afe633b4-977f-42a7-a388-2f0f679d23ac" />
      <TestMethod codeBase="C:\Users\mranu\source\repos\unit-testing-demo\src\Demo xUnit App\bin\Debug\net5.0\Demo xUnit App.dll" adapterTypeName="executor://xunit/VsTestRunner2/netcoreapp" className="Demo_xUnit_App.BadCodingExaplesTests" name="GetInterestTest" />
    </UnitTest>
    <UnitTest name="Demo_xUnit_App.InterestCalculatorTests.CalculateInteestForDifferentTenureAndAmount(expected: 36000, amount: 200000, years: 3)" storage="c:\users\mranu\source\repos\unit-testing-demo\src\demo xunit app\bin\debug\net5.0\demo xunit app.dll" id="f8d7f379-9766-297e-08ac-861e2fd5f258">
      <Execution id="9eed414f-4af7-406a-813c-506047f0c113" />
      <TestMethod codeBase="C:\Users\mranu\source\repos\unit-testing-demo\src\Demo xUnit App\bin\Debug\net5.0\Demo xUnit App.dll" adapterTypeName="executor://xunit/VsTestRunner2/netcoreapp" className="Demo_xUnit_App.InterestCalculatorTests" name="CalculateInteestForDifferentTenureAndAmount" />
    </UnitTest>
    <UnitTest name="Demo_xUnit_App.InterestCalculatorTests.CalculateInteestForDifferentTenureAndAmount(expected: 2400, amount: 10000, years: 4)" storage="c:\users\mranu\source\repos\unit-testing-demo\src\demo xunit app\bin\debug\net5.0\demo xunit app.dll" id="8c182d34-34a3-e3d5-b29b-3696e5936f89">
      <Execution id="eaba289c-faa0-49fa-a818-9521198a0cd0" />
      <TestMethod codeBase="C:\Users\mranu\source\repos\unit-testing-demo\src\Demo xUnit App\bin\Debug\net5.0\Demo xUnit App.dll" adapterTypeName="executor://xunit/VsTestRunner2/netcoreapp" className="Demo_xUnit_App.InterestCalculatorTests" name="CalculateInteestForDifferentTenureAndAmount" />
    </UnitTest>
    <UnitTest name="Demo_xUnit_App.InterestCalculatorTests.CalculateInteestForDifferentTenureAndAmount(expected: 0, amount: 0, years: 0)" storage="c:\users\mranu\source\repos\unit-testing-demo\src\demo xunit app\bin\debug\net5.0\demo xunit app.dll" id="b7637836-98af-4a6c-6d21-470f6d04a5ef">
      <Execution id="ff8bd09b-9601-4721-b494-82846880dc3d" />
      <TestMethod codeBase="C:\Users\mranu\source\repos\unit-testing-demo\src\Demo xUnit App\bin\Debug\net5.0\Demo xUnit App.dll" adapterTypeName="executor://xunit/VsTestRunner2/netcoreapp" className="Demo_xUnit_App.InterestCalculatorTests" name="CalculateInteestForDifferentTenureAndAmount" />
    </UnitTest>
    <UnitTest name="Demo_xUnit_App.InterestCalculatorTests.CalculateInteestFor1Year" storage="c:\users\mranu\source\repos\unit-testing-demo\src\demo xunit app\bin\debug\net5.0\demo xunit app.dll" id="becb402d-6f07-feec-da97-2c1d186b298b">
      <Execution id="9986e905-1ee3-46f5-98c8-48a660fde8ee" />
      <TestMethod codeBase="C:\Users\mranu\source\repos\unit-testing-demo\src\Demo xUnit App\bin\Debug\net5.0\Demo xUnit App.dll" adapterTypeName="executor://xunit/VsTestRunner2/netcoreapp" className="Demo_xUnit_App.InterestCalculatorTests" name="CalculateInteestFor1Year" />
    </UnitTest>
    <UnitTest name="Demo_xUnit_App.InterestRateProviderTests.GetInterestRateTest" storage="c:\users\mranu\source\repos\unit-testing-demo\src\demo xunit app\bin\debug\net5.0\demo xunit app.dll" id="46c1fa15-b765-2d03-b1b0-c2bf0109ccea">
      <Execution id="7976808a-8c38-4600-8c0b-6e28e6acd3db" />
      <TestMethod codeBase="C:\Users\mranu\source\repos\unit-testing-demo\src\Demo xUnit App\bin\Debug\net5.0\Demo xUnit App.dll" adapterTypeName="executor://xunit/VsTestRunner2/netcoreapp" className="Demo_xUnit_App.InterestRateProviderTests" name="GetInterestRateTest" />
    </UnitTest>
    <UnitTest name="Demo_xUnit_App.CreditCardInterestCalcuatorTests.Calculate_Wallet_And_CardHolder_Interest" storage="c:\users\mranu\source\repos\unit-testing-demo\src\demo xunit app\bin\debug\net5.0\demo xunit app.dll" id="8a4101e1-6acd-0f44-5a93-9d9da3702dd0">
      <Execution id="a6b7dc53-4ab8-4506-92d5-d5ba9e81468e" />
      <TestMethod codeBase="C:\Users\mranu\source\repos\unit-testing-demo\src\Demo xUnit App\bin\Debug\net5.0\Demo xUnit App.dll" adapterTypeName="executor://xunit/VsTestRunner2/netcoreapp" className="Demo_xUnit_App.CreditCardInterestCalcuatorTests" name="Calculate_Wallet_And_CardHolder_Interest" />
    </UnitTest>
    <UnitTest name="Demo_xUnit_App.CreditCardInterestCalcuatorTests.Calculate_Interest_For_Wallet" storage="c:\users\mranu\source\repos\unit-testing-demo\src\demo xunit app\bin\debug\net5.0\demo xunit app.dll" id="93eb686f-3e96-e873-05a6-3d8ac3ddf0e5">
      <Execution id="c8d330e3-857b-40a1-a4c1-d1a43fb20bcc" />
      <TestMethod codeBase="C:\Users\mranu\source\repos\unit-testing-demo\src\Demo xUnit App\bin\Debug\net5.0\Demo xUnit App.dll" adapterTypeName="executor://xunit/VsTestRunner2/netcoreapp" className="Demo_xUnit_App.CreditCardInterestCalcuatorTests" name="Calculate_Interest_For_Wallet" />
    </UnitTest>
    <UnitTest name="Demo_xUnit_App.InterestCalculatorTestFluentAssertions.CalculateInteestFor1Year" storage="c:\users\mranu\source\repos\unit-testing-demo\src\demo xunit app\bin\debug\net5.0\demo xunit app.dll" id="7ea2d1a0-99ec-17a0-fad1-2403c801339e">
      <Execution id="1b4b0ccb-82f4-40c5-b146-c466c8fc85fa" />
      <TestMethod codeBase="C:\Users\mranu\source\repos\unit-testing-demo\src\Demo xUnit App\bin\Debug\net5.0\Demo xUnit App.dll" adapterTypeName="executor://xunit/VsTestRunner2/netcoreapp" className="Demo_xUnit_App.InterestCalculatorTestFluentAssertions" name="CalculateInteestFor1Year" />
    </UnitTest>
    <UnitTest name="Demo_xUnit_App.BadCodingExaplesTests.GetIPAddressTest" storage="c:\users\mranu\source\repos\unit-testing-demo\src\demo xunit app\bin\debug\net5.0\demo xunit app.dll" id="3b13d860-e13b-bc2d-0024-39ca749ce2f6">
      <Execution id="56d18dad-915b-4e14-be19-c87f1429c82a" />
      <TestMethod codeBase="C:\Users\mranu\source\repos\unit-testing-demo\src\Demo xUnit App\bin\Debug\net5.0\Demo xUnit App.dll" adapterTypeName="executor://xunit/VsTestRunner2/netcoreapp" className="Demo_xUnit_App.BadCodingExaplesTests" name="GetIPAddressTest" />
    </UnitTest>
    <UnitTest name="Demo_xUnit_App.InterestCalculatorTests.CalculateInteestFor2Year" storage="c:\users\mranu\source\repos\unit-testing-demo\src\demo xunit app\bin\debug\net5.0\demo xunit app.dll" id="33b7df87-46b2-fb3f-c03e-ff49d1a6b723">
      <Execution id="4412398d-d051-4d8a-be15-651e81d48cfe" />
      <TestMethod codeBase="C:\Users\mranu\source\repos\unit-testing-demo\src\Demo xUnit App\bin\Debug\net5.0\Demo xUnit App.dll" adapterTypeName="executor://xunit/VsTestRunner2/netcoreapp" className="Demo_xUnit_App.InterestCalculatorTests" name="CalculateInteestFor2Year" />
    </UnitTest>
    <UnitTest name="Demo_xUnit_App.InterestCalculatorTestUsingMoq.TestIfCurrencyConverterReturnsZero" storage="c:\users\mranu\source\repos\unit-testing-demo\src\demo xunit app\bin\debug\net5.0\demo xunit app.dll" id="397acd57-13bb-b1dc-8c6a-8f4b9af67c8d">
      <Execution id="1889be79-e8d1-4b53-9523-ee0ddb6d30ee" />
      <TestMethod codeBase="C:\Users\mranu\source\repos\unit-testing-demo\src\Demo xUnit App\bin\Debug\net5.0\Demo xUnit App.dll" adapterTypeName="executor://xunit/VsTestRunner2/netcoreapp" className="Demo_xUnit_App.InterestCalculatorTestUsingMoq" name="TestIfCurrencyConverterReturnsZero" />
    </UnitTest>
    <UnitTest name="Demo_xUnit_App.InterestCalculatorTests.CalculateInteestForDifferentTenureAndAmount(expected: 12000, amount: 100000, years: 2)" storage="c:\users\mranu\source\repos\unit-testing-demo\src\demo xunit app\bin\debug\net5.0\demo xunit app.dll" id="cb9fc388-915d-f8f9-38ae-0a2499f45b8c">
      <Execution id="3800650e-701b-447c-b91a-e475ed6a34d5" />
      <TestMethod codeBase="C:\Users\mranu\source\repos\unit-testing-demo\src\Demo xUnit App\bin\Debug\net5.0\Demo xUnit App.dll" adapterTypeName="executor://xunit/VsTestRunner2/netcoreapp" className="Demo_xUnit_App.InterestCalculatorTests" name="CalculateInteestForDifferentTenureAndAmount" />
    </UnitTest>
    <UnitTest name="Demo_xUnit_App.CreditCardInterestCalcuatorTests.Calculate_Interest_For_Card" storage="c:\users\mranu\source\repos\unit-testing-demo\src\demo xunit app\bin\debug\net5.0\demo xunit app.dll" id="b2341b8c-83ff-d0eb-b3d7-01abfcbe10c5">
      <Execution id="304ad143-d521-496f-8fc2-148499b11ab2" />
      <TestMethod codeBase="C:\Users\mranu\source\repos\unit-testing-demo\src\Demo xUnit App\bin\Debug\net5.0\Demo xUnit App.dll" adapterTypeName="executor://xunit/VsTestRunner2/netcoreapp" className="Demo_xUnit_App.CreditCardInterestCalcuatorTests" name="Calculate_Interest_For_Card" />
    </UnitTest>
  </TestDefinitions>
  <TestEntries>
    <TestEntry testId="8a4101e1-6acd-0f44-5a93-9d9da3702dd0" executionId="4a1d10d2-d713-4901-9c4a-2b60fa145a25" testListId="8c84fa94-04c1-424b-9868-57a2d4851a1d" />
    <TestEntry testId="46c1fa15-b765-2d03-b1b0-c2bf0109ccea" executionId="7976808a-8c38-4600-8c0b-6e28e6acd3db" testListId="8c84fa94-04c1-424b-9868-57a2d4851a1d" />
    <TestEntry testId="8c182d34-34a3-e3d5-b29b-3696e5936f89" executionId="eaba289c-faa0-49fa-a818-9521198a0cd0" testListId="8c84fa94-04c1-424b-9868-57a2d4851a1d" />
    <TestEntry testId="8a4101e1-6acd-0f44-5a93-9d9da3702dd0" executionId="a6b7dc53-4ab8-4506-92d5-d5ba9e81468e" testListId="8c84fa94-04c1-424b-9868-57a2d4851a1d" />
    <TestEntry testId="6e86d467-d59d-57d1-e26b-cf3d7519a62b" executionId="80686a65-1942-4957-884b-45c754364eb6" testListId="8c84fa94-04c1-424b-9868-57a2d4851a1d" />
    <TestEntry testId="b7637836-98af-4a6c-6d21-470f6d04a5ef" executionId="ff8bd09b-9601-4721-b494-82846880dc3d" testListId="8c84fa94-04c1-424b-9868-57a2d4851a1d" />
    <TestEntry testId="f8d7f379-9766-297e-08ac-861e2fd5f258" executionId="9eed414f-4af7-406a-813c-506047f0c113" testListId="8c84fa94-04c1-424b-9868-57a2d4851a1d" />
    <TestEntry testId="c38b7cd8-a491-8463-6a59-a42452a81f1a" executionId="7c2235aa-9a75-4112-a549-5df90aa857d6" testListId="8c84fa94-04c1-424b-9868-57a2d4851a1d" />
    <TestEntry testId="b2f9365d-886a-4a7a-050e-2ba5825d9ec9" executionId="afe633b4-977f-42a7-a388-2f0f679d23ac" testListId="8c84fa94-04c1-424b-9868-57a2d4851a1d" />
    <TestEntry testId="8a4101e1-6acd-0f44-5a93-9d9da3702dd0" executionId="30d45886-4e7e-44d8-8c62-df6c2677790e" testListId="8c84fa94-04c1-424b-9868-57a2d4851a1d" />
    <TestEntry testId="cb9fc388-915d-f8f9-38ae-0a2499f45b8c" executionId="3800650e-701b-447c-b91a-e475ed6a34d5" testListId="8c84fa94-04c1-424b-9868-57a2d4851a1d" />
    <TestEntry testId="becb402d-6f07-feec-da97-2c1d186b298b" executionId="9986e905-1ee3-46f5-98c8-48a660fde8ee" testListId="8c84fa94-04c1-424b-9868-57a2d4851a1d" />
    <TestEntry testId="8a4101e1-6acd-0f44-5a93-9d9da3702dd0" executionId="02ee0fd6-150d-4229-ac20-0c802882b0ae" testListId="8c84fa94-04c1-424b-9868-57a2d4851a1d" />
    <TestEntry testId="397acd57-13bb-b1dc-8c6a-8f4b9af67c8d" executionId="1889be79-e8d1-4b53-9523-ee0ddb6d30ee" testListId="8c84fa94-04c1-424b-9868-57a2d4851a1d" />
    <TestEntry testId="93eb686f-3e96-e873-05a6-3d8ac3ddf0e5" executionId="c8d330e3-857b-40a1-a4c1-d1a43fb20bcc" testListId="8c84fa94-04c1-424b-9868-57a2d4851a1d" />
    <TestEntry testId="b2341b8c-83ff-d0eb-b3d7-01abfcbe10c5" executionId="304ad143-d521-496f-8fc2-148499b11ab2" testListId="8c84fa94-04c1-424b-9868-57a2d4851a1d" />
    <TestEntry testId="7ea2d1a0-99ec-17a0-fad1-2403c801339e" executionId="1b4b0ccb-82f4-40c5-b146-c466c8fc85fa" testListId="8c84fa94-04c1-424b-9868-57a2d4851a1d" />
    <TestEntry testId="3b13d860-e13b-bc2d-0024-39ca749ce2f6" executionId="56d18dad-915b-4e14-be19-c87f1429c82a" testListId="8c84fa94-04c1-424b-9868-57a2d4851a1d" />
    <TestEntry testId="09244a7a-76b4-0135-5d3d-9dd3b880ac51" executionId="a0a795a1-725f-4ca4-973e-1ac7e022fdfe" testListId="8c84fa94-04c1-424b-9868-57a2d4851a1d" />
    <TestEntry testId="33b7df87-46b2-fb3f-c03e-ff49d1a6b723" executionId="4412398d-d051-4d8a-be15-651e81d48cfe" testListId="8c84fa94-04c1-424b-9868-57a2d4851a1d" />
  </TestEntries>
  <TestLists>
    <TestList name="Results Not in a List" id="8c84fa94-04c1-424b-9868-57a2d4851a1d" />
    <TestList name="All Loaded Results" id="19431567-8539-422a-85d7-44ee4e166bda" />
  </TestLists>
  <ResultSummary outcome="Completed">
    <Counters total="20" executed="20" passed="20" failed="0" error="0" timeout="0" aborted="0" inconclusive="0" passedButRunAborted="0" notRunnable="0" notExecuted="0" disconnected="0" warning="0" completed="0" inProgress="0" pending="0" />
    <Output>
      <StdOut>[xUnit.net 00:00:00.01] xUnit.net VSTest Adapter v2.4.3+1b45f5407b (64-bit .NET 5.0.7)&#xD;
[xUnit.net 00:00:00.52]   Discovering: Demo xUnit App&#xD;
[xUnit.net 00:00:00.60]   Discovered:  Demo xUnit App&#xD;
[xUnit.net 00:00:00.60]   Starting:    Demo xUnit App&#xD;
[xUnit.net 00:00:00.81]   Finished:    Demo xUnit App&#xD;
</StdOut>
    </Output>
  </ResultSummary>
</TestRun>